INFO: [VRFC 10-2263] Analyzing Verilog file "D:/VivadoProjects/eMMC_Controller/eMMC_Controller.sim/sim_1/impl/func/Test_eMMC_Controller_tb_func_impl.v" into library xil_defaultlib
INFO: [VRFC 10-311] analyzing module Test_eMMC_Controller
INFO: [VRFC 10-311] analyzing module clk_divided
INFO: [VRFC 10-311] analyzing module clk_divided_clk_divided_clk_wiz
INFO: [VRFC 10-311] analyzing module dbg_hub_CV
INFO: [VRFC 10-311] analyzing module dbg_hub_CVclk_x_pntrs
INFO: [VRFC 10-311] analyzing module dbg_hub_CVclk_x_pntrs_4
INFO: [VRFC 10-311] analyzing module dbg_hub_CVdmem
INFO: [VRFC 10-311] analyzing module dbg_hub_CVdmem_5
INFO: [VRFC 10-311] analyzing module dbg_hub_CVfifo_generator_ramfifo
INFO: [VRFC 10-311] analyzing module dbg_hub_CVfifo_generator_ramfifo__parameterized0
INFO: [VRFC 10-311] analyzing module dbg_hub_CVfifo_generator_top
INFO: [VRFC 10-311] analyzing module dbg_hub_CVfifo_generator_top__parameterized0
INFO: [VRFC 10-311] analyzing module dbg_hub_CVfifo_generator_v13_0_1
INFO: [VRFC 10-311] analyzing module dbg_hub_CVfifo_generator_v13_0_1__parameterized0
INFO: [VRFC 10-311] analyzing module dbg_hub_CVfifo_generator_v13_0_1_synth
INFO: [VRFC 10-311] analyzing module dbg_hub_CVfifo_generator_v13_0_1_synth__parameterized0
INFO: [VRFC 10-311] analyzing module dbg_hub_CVltlib_v1_0_0_bscan
INFO: [VRFC 10-311] analyzing module dbg_hub_CVmemory
INFO: [VRFC 10-311] analyzing module dbg_hub_CVmemory__parameterized0
INFO: [VRFC 10-311] analyzing module dbg_hub_CVrd_bin_cntr
INFO: [VRFC 10-311] analyzing module dbg_hub_CVrd_bin_cntr_9
INFO: [VRFC 10-311] analyzing module dbg_hub_CVrd_fwft
INFO: [VRFC 10-311] analyzing module dbg_hub_CVrd_logic
INFO: [VRFC 10-311] analyzing module dbg_hub_CVrd_logic__parameterized0
INFO: [VRFC 10-311] analyzing module dbg_hub_CVrd_status_flags_as
INFO: [VRFC 10-311] analyzing module dbg_hub_CVrd_status_flags_as_8
INFO: [VRFC 10-311] analyzing module dbg_hub_CVreset_blk_ramfifo__parameterized0
INFO: [VRFC 10-311] analyzing module dbg_hub_CVreset_blk_ramfifo__parameterized1
INFO: [VRFC 10-311] analyzing module dbg_hub_CVsynchronizer_ff
INFO: [VRFC 10-311] analyzing module dbg_hub_CVsynchronizer_ff_0
INFO: [VRFC 10-311] analyzing module dbg_hub_CVsynchronizer_ff_1
INFO: [VRFC 10-311] analyzing module dbg_hub_CVsynchronizer_ff_10
INFO: [VRFC 10-311] analyzing module dbg_hub_CVsynchronizer_ff_11
INFO: [VRFC 10-311] analyzing module dbg_hub_CVsynchronizer_ff_12
INFO: [VRFC 10-311] analyzing module dbg_hub_CVsynchronizer_ff_13
INFO: [VRFC 10-311] analyzing module dbg_hub_CVsynchronizer_ff_2
INFO: [VRFC 10-311] analyzing module dbg_hub_CVwr_bin_cntr
INFO: [VRFC 10-311] analyzing module dbg_hub_CVwr_bin_cntr_7
INFO: [VRFC 10-311] analyzing module dbg_hub_CVwr_logic
INFO: [VRFC 10-311] analyzing module dbg_hub_CVwr_logic__parameterized0
INFO: [VRFC 10-311] analyzing module dbg_hub_CVwr_status_flags_as
INFO: [VRFC 10-311] analyzing module dbg_hub_CVwr_status_flags_as_6
INFO: [VRFC 10-311] analyzing module dbg_hub_CVxsdbm_v1_1_1_addr_ctl
INFO: [VRFC 10-311] analyzing module dbg_hub_CVxsdbm_v1_1_1_burst_wdlen_ctl
INFO: [VRFC 10-311] analyzing module dbg_hub_CVxsdbm_v1_1_1_bus_ctl
INFO: [VRFC 10-311] analyzing module dbg_hub_CVxsdbm_v1_1_1_bus_ctl_cnt
INFO: [VRFC 10-311] analyzing module dbg_hub_CVxsdbm_v1_1_1_bus_ctl_flg
INFO: [VRFC 10-311] analyzing module dbg_hub_CVxsdbm_v1_1_1_bus_ctl_flg__parameterized0
INFO: [VRFC 10-311] analyzing module dbg_hub_CVxsdbm_v1_1_1_bus_mstr2sl_if
INFO: [VRFC 10-311] analyzing module dbg_hub_CVxsdbm_v1_1_1_cmd_decode
INFO: [VRFC 10-311] analyzing module dbg_hub_CVxsdbm_v1_1_1_ctl_reg
INFO: [VRFC 10-311] analyzing module dbg_hub_CVxsdbm_v1_1_1_ctl_reg__parameterized0
INFO: [VRFC 10-311] analyzing module dbg_hub_CVxsdbm_v1_1_1_ctl_reg__parameterized1
INFO: [VRFC 10-311] analyzing module dbg_hub_CVxsdbm_v1_1_1_ctl_reg__parameterized2
INFO: [VRFC 10-311] analyzing module dbg_hub_CVxsdbm_v1_1_1_icon
INFO: [VRFC 10-311] analyzing module dbg_hub_CVxsdbm_v1_1_1_icon2xsdb
INFO: [VRFC 10-311] analyzing module dbg_hub_CVxsdbm_v1_1_1_if
INFO: [VRFC 10-311] analyzing module dbg_hub_CVxsdbm_v1_1_1_if_static_status
INFO: [VRFC 10-311] analyzing module dbg_hub_CVxsdbm_v1_1_1_rdfifo
INFO: [VRFC 10-311] analyzing module dbg_hub_CVxsdbm_v1_1_1_rdreg
INFO: [VRFC 10-311] analyzing module dbg_hub_CVxsdbm_v1_1_1_stat
INFO: [VRFC 10-311] analyzing module dbg_hub_CVxsdbm_v1_1_1_stat_reg
INFO: [VRFC 10-311] analyzing module dbg_hub_CVxsdbm_v1_1_1_stat_reg__parameterized0
INFO: [VRFC 10-311] analyzing module dbg_hub_CVxsdbm_v1_1_1_stat_reg__parameterized1
INFO: [VRFC 10-311] analyzing module dbg_hub_CVxsdbm_v1_1_1_sync
INFO: [VRFC 10-311] analyzing module dbg_hub_CVxsdbm_v1_1_1_wrfifo
INFO: [VRFC 10-311] analyzing module dbg_hub_CVxsdbm_v1_1_1_wrreg
INFO: [VRFC 10-311] analyzing module dbg_hub_CVxsdbm_v1_1_1_xsdbm
INFO: [VRFC 10-311] analyzing module eMMC_controller
INFO: [VRFC 10-311] analyzing module u_ila_0_CV
INFO: [VRFC 10-311] analyzing module u_ila_0_CVblk_mem_gen_generic_cstr
INFO: [VRFC 10-311] analyzing module u_ila_0_CVblk_mem_gen_mux__parameterized0
INFO: [VRFC 10-311] analyzing module u_ila_0_CVblk_mem_gen_prim_width
INFO: [VRFC 10-311] analyzing module u_ila_0_CVblk_mem_gen_prim_width__parameterized0
INFO: [VRFC 10-311] analyzing module u_ila_0_CVblk_mem_gen_prim_width__parameterized1
INFO: [VRFC 10-311] analyzing module u_ila_0_CVblk_mem_gen_prim_width__parameterized10
INFO: [VRFC 10-311] analyzing module u_ila_0_CVblk_mem_gen_prim_width__parameterized11
INFO: [VRFC 10-311] analyzing module u_ila_0_CVblk_mem_gen_prim_width__parameterized12
INFO: [VRFC 10-311] analyzing module u_ila_0_CVblk_mem_gen_prim_width__parameterized13
INFO: [VRFC 10-311] analyzing module u_ila_0_CVblk_mem_gen_prim_width__parameterized14
INFO: [VRFC 10-311] analyzing module u_ila_0_CVblk_mem_gen_prim_width__parameterized15
INFO: [VRFC 10-311] analyzing module u_ila_0_CVblk_mem_gen_prim_width__parameterized16
INFO: [VRFC 10-311] analyzing module u_ila_0_CVblk_mem_gen_prim_width__parameterized17
INFO: [VRFC 10-311] analyzing module u_ila_0_CVblk_mem_gen_prim_width__parameterized2
INFO: [VRFC 10-311] analyzing module u_ila_0_CVblk_mem_gen_prim_width__parameterized3
INFO: [VRFC 10-311] analyzing module u_ila_0_CVblk_mem_gen_prim_width__parameterized4
INFO: [VRFC 10-311] analyzing module u_ila_0_CVblk_mem_gen_prim_width__parameterized5
INFO: [VRFC 10-311] analyzing module u_ila_0_CVblk_mem_gen_prim_width__parameterized6
INFO: [VRFC 10-311] analyzing module u_ila_0_CVblk_mem_gen_prim_width__parameterized7
INFO: [VRFC 10-311] analyzing module u_ila_0_CVblk_mem_gen_prim_width__parameterized8
INFO: [VRFC 10-311] analyzing module u_ila_0_CVblk_mem_gen_prim_width__parameterized9
INFO: [VRFC 10-311] analyzing module u_ila_0_CVblk_mem_gen_prim_wrapper
INFO: [VRFC 10-311] analyzing module u_ila_0_CVblk_mem_gen_prim_wrapper__parameterized0
INFO: [VRFC 10-311] analyzing module u_ila_0_CVblk_mem_gen_prim_wrapper__parameterized1
INFO: [VRFC 10-311] analyzing module u_ila_0_CVblk_mem_gen_prim_wrapper__parameterized10
INFO: [VRFC 10-311] analyzing module u_ila_0_CVblk_mem_gen_prim_wrapper__parameterized11
INFO: [VRFC 10-311] analyzing module u_ila_0_CVblk_mem_gen_prim_wrapper__parameterized12
INFO: [VRFC 10-311] analyzing module u_ila_0_CVblk_mem_gen_prim_wrapper__parameterized13
INFO: [VRFC 10-311] analyzing module u_ila_0_CVblk_mem_gen_prim_wrapper__parameterized14
INFO: [VRFC 10-311] analyzing module u_ila_0_CVblk_mem_gen_prim_wrapper__parameterized15
INFO: [VRFC 10-311] analyzing module u_ila_0_CVblk_mem_gen_prim_wrapper__parameterized16
INFO: [VRFC 10-311] analyzing module u_ila_0_CVblk_mem_gen_prim_wrapper__parameterized17
INFO: [VRFC 10-311] analyzing module u_ila_0_CVblk_mem_gen_prim_wrapper__parameterized2
INFO: [VRFC 10-311] analyzing module u_ila_0_CVblk_mem_gen_prim_wrapper__parameterized3
INFO: [VRFC 10-311] analyzing module u_ila_0_CVblk_mem_gen_prim_wrapper__parameterized4
INFO: [VRFC 10-311] analyzing module u_ila_0_CVblk_mem_gen_prim_wrapper__parameterized5
INFO: [VRFC 10-311] analyzing module u_ila_0_CVblk_mem_gen_prim_wrapper__parameterized6
INFO: [VRFC 10-311] analyzing module u_ila_0_CVblk_mem_gen_prim_wrapper__parameterized7
INFO: [VRFC 10-311] analyzing module u_ila_0_CVblk_mem_gen_prim_wrapper__parameterized8
INFO: [VRFC 10-311] analyzing module u_ila_0_CVblk_mem_gen_prim_wrapper__parameterized9
INFO: [VRFC 10-311] analyzing module u_ila_0_CVblk_mem_gen_top
INFO: [VRFC 10-311] analyzing module u_ila_0_CVblk_mem_gen_v8_3_1
INFO: [VRFC 10-311] analyzing module u_ila_0_CVblk_mem_gen_v8_3_1_synth
INFO: [VRFC 10-311] analyzing module u_ila_0_CVila_v6_0_1_generic_counter
INFO: [VRFC 10-311] analyzing module u_ila_0_CVila_v6_0_1_generic_counter__4
INFO: [VRFC 10-311] analyzing module u_ila_0_CVila_v6_0_1_generic_counter__5
INFO: [VRFC 10-311] analyzing module u_ila_0_CVila_v6_0_1_generic_counter__6
INFO: [VRFC 10-311] analyzing module u_ila_0_CVila_v6_0_1_ila
INFO: [VRFC 10-311] analyzing module u_ila_0_CVila_v6_0_1_ila_adv_trigger_sequencer
INFO: [VRFC 10-311] analyzing module u_ila_0_CVila_v6_0_1_ila_cap_addrgen
INFO: [VRFC 10-311] analyzing module u_ila_0_CVila_v6_0_1_ila_cap_ctrl_legacy
INFO: [VRFC 10-311] analyzing module u_ila_0_CVila_v6_0_1_ila_cap_sample_counter
INFO: [VRFC 10-311] analyzing module u_ila_0_CVila_v6_0_1_ila_cap_window_counter
INFO: [VRFC 10-311] analyzing module u_ila_0_CVila_v6_0_1_ila_core
INFO: [VRFC 10-311] analyzing module u_ila_0_CVila_v6_0_1_ila_counter
INFO: [VRFC 10-311] analyzing module u_ila_0_CVila_v6_0_1_ila_fsm_memory_read
INFO: [VRFC 10-311] analyzing module u_ila_0_CVila_v6_0_1_ila_register
INFO: [VRFC 10-311] analyzing module u_ila_0_CVila_v6_0_1_ila_reset_ctrl
INFO: [VRFC 10-311] analyzing module u_ila_0_CVila_v6_0_1_ila_trace_memory
INFO: [VRFC 10-311] analyzing module u_ila_0_CVila_v6_0_1_ila_trig_match
INFO: [VRFC 10-311] analyzing module u_ila_0_CVila_v6_0_1_ila_trigger
INFO: [VRFC 10-311] analyzing module u_ila_0_CVltlib_v1_0_0_all_typeA
INFO: [VRFC 10-311] analyzing module u_ila_0_CVltlib_v1_0_0_all_typeA_101
INFO: [VRFC 10-311] analyzing module u_ila_0_CVltlib_v1_0_0_all_typeA_107
INFO: [VRFC 10-311] analyzing module u_ila_0_CVltlib_v1_0_0_all_typeA_113
INFO: [VRFC 10-311] analyzing module u_ila_0_CVltlib_v1_0_0_all_typeA_119
INFO: [VRFC 10-311] analyzing module u_ila_0_CVltlib_v1_0_0_all_typeA_125
INFO: [VRFC 10-311] analyzing module u_ila_0_CVltlib_v1_0_0_all_typeA_131
INFO: [VRFC 10-311] analyzing module u_ila_0_CVltlib_v1_0_0_all_typeA_137
INFO: [VRFC 10-311] analyzing module u_ila_0_CVltlib_v1_0_0_all_typeA_143
INFO: [VRFC 10-311] analyzing module u_ila_0_CVltlib_v1_0_0_all_typeA_149
INFO: [VRFC 10-311] analyzing module u_ila_0_CVltlib_v1_0_0_all_typeA_155
INFO: [VRFC 10-311] analyzing module u_ila_0_CVltlib_v1_0_0_all_typeA_161
INFO: [VRFC 10-311] analyzing module u_ila_0_CVltlib_v1_0_0_all_typeA_167
INFO: [VRFC 10-311] analyzing module u_ila_0_CVltlib_v1_0_0_all_typeA_173
INFO: [VRFC 10-311] analyzing module u_ila_0_CVltlib_v1_0_0_all_typeA_179
INFO: [VRFC 10-311] analyzing module u_ila_0_CVltlib_v1_0_0_all_typeA_185
INFO: [VRFC 10-311] analyzing module u_ila_0_CVltlib_v1_0_0_all_typeA_191
INFO: [VRFC 10-311] analyzing module u_ila_0_CVltlib_v1_0_0_all_typeA_197
INFO: [VRFC 10-311] analyzing module u_ila_0_CVltlib_v1_0_0_all_typeA_203
INFO: [VRFC 10-311] analyzing module u_ila_0_CVltlib_v1_0_0_all_typeA_209
INFO: [VRFC 10-311] analyzing module u_ila_0_CVltlib_v1_0_0_all_typeA_215
INFO: [VRFC 10-311] analyzing module u_ila_0_CVltlib_v1_0_0_all_typeA_221
INFO: [VRFC 10-311] analyzing module u_ila_0_CVltlib_v1_0_0_all_typeA_35
INFO: [VRFC 10-311] analyzing module u_ila_0_CVltlib_v1_0_0_all_typeA_41
INFO: [VRFC 10-311] analyzing module u_ila_0_CVltlib_v1_0_0_all_typeA_47
INFO: [VRFC 10-311] analyzing module u_ila_0_CVltlib_v1_0_0_all_typeA_53
INFO: [VRFC 10-311] analyzing module u_ila_0_CVltlib_v1_0_0_all_typeA_59
INFO: [VRFC 10-311] analyzing module u_ila_0_CVltlib_v1_0_0_all_typeA_65
INFO: [VRFC 10-311] analyzing module u_ila_0_CVltlib_v1_0_0_all_typeA_71
INFO: [VRFC 10-311] analyzing module u_ila_0_CVltlib_v1_0_0_all_typeA_77
INFO: [VRFC 10-311] analyzing module u_ila_0_CVltlib_v1_0_0_all_typeA_83
INFO: [VRFC 10-311] analyzing module u_ila_0_CVltlib_v1_0_0_all_typeA_89
INFO: [VRFC 10-311] analyzing module u_ila_0_CVltlib_v1_0_0_all_typeA_95
INFO: [VRFC 10-311] analyzing module u_ila_0_CVltlib_v1_0_0_all_typeA__parameterized0
INFO: [VRFC 10-311] analyzing module u_ila_0_CVltlib_v1_0_0_all_typeA__parameterized1
INFO: [VRFC 10-311] analyzing module u_ila_0_CVltlib_v1_0_0_all_typeA__parameterized10
INFO: [VRFC 10-311] analyzing module u_ila_0_CVltlib_v1_0_0_all_typeA__parameterized11
INFO: [VRFC 10-311] analyzing module u_ila_0_CVltlib_v1_0_0_all_typeA__parameterized12
INFO: [VRFC 10-311] analyzing module u_ila_0_CVltlib_v1_0_0_all_typeA__parameterized13
INFO: [VRFC 10-311] analyzing module u_ila_0_CVltlib_v1_0_0_all_typeA__parameterized14
INFO: [VRFC 10-311] analyzing module u_ila_0_CVltlib_v1_0_0_all_typeA__parameterized15
INFO: [VRFC 10-311] analyzing module u_ila_0_CVltlib_v1_0_0_all_typeA__parameterized16
INFO: [VRFC 10-311] analyzing module u_ila_0_CVltlib_v1_0_0_all_typeA__parameterized17
INFO: [VRFC 10-311] analyzing module u_ila_0_CVltlib_v1_0_0_all_typeA__parameterized18
INFO: [VRFC 10-311] analyzing module u_ila_0_CVltlib_v1_0_0_all_typeA__parameterized19
INFO: [VRFC 10-311] analyzing module u_ila_0_CVltlib_v1_0_0_all_typeA__parameterized2
INFO: [VRFC 10-311] analyzing module u_ila_0_CVltlib_v1_0_0_all_typeA__parameterized20
INFO: [VRFC 10-311] analyzing module u_ila_0_CVltlib_v1_0_0_all_typeA__parameterized21
INFO: [VRFC 10-311] analyzing module u_ila_0_CVltlib_v1_0_0_all_typeA__parameterized22
INFO: [VRFC 10-311] analyzing module u_ila_0_CVltlib_v1_0_0_all_typeA__parameterized23
INFO: [VRFC 10-311] analyzing module u_ila_0_CVltlib_v1_0_0_all_typeA__parameterized24
INFO: [VRFC 10-311] analyzing module u_ila_0_CVltlib_v1_0_0_all_typeA__parameterized25
INFO: [VRFC 10-311] analyzing module u_ila_0_CVltlib_v1_0_0_all_typeA__parameterized26
INFO: [VRFC 10-311] analyzing module u_ila_0_CVltlib_v1_0_0_all_typeA__parameterized27
INFO: [VRFC 10-311] analyzing module u_ila_0_CVltlib_v1_0_0_all_typeA__parameterized28
INFO: [VRFC 10-311] analyzing module u_ila_0_CVltlib_v1_0_0_all_typeA__parameterized28_253
INFO: [VRFC 10-311] analyzing module u_ila_0_CVltlib_v1_0_0_all_typeA__parameterized28_261
INFO: [VRFC 10-311] analyzing module u_ila_0_CVltlib_v1_0_0_all_typeA__parameterized3
INFO: [VRFC 10-311] analyzing module u_ila_0_CVltlib_v1_0_0_all_typeA__parameterized4
INFO: [VRFC 10-311] analyzing module u_ila_0_CVltlib_v1_0_0_all_typeA__parameterized5
INFO: [VRFC 10-311] analyzing module u_ila_0_CVltlib_v1_0_0_all_typeA__parameterized6
INFO: [VRFC 10-311] analyzing module u_ila_0_CVltlib_v1_0_0_all_typeA__parameterized7
INFO: [VRFC 10-311] analyzing module u_ila_0_CVltlib_v1_0_0_all_typeA__parameterized8
INFO: [VRFC 10-311] analyzing module u_ila_0_CVltlib_v1_0_0_all_typeA__parameterized9
INFO: [VRFC 10-311] analyzing module u_ila_0_CVltlib_v1_0_0_all_typeA_slice
INFO: [VRFC 10-311] analyzing module u_ila_0_CVltlib_v1_0_0_all_typeA_slice_102
INFO: [VRFC 10-311] analyzing module u_ila_0_CVltlib_v1_0_0_all_typeA_slice_103
INFO: [VRFC 10-311] analyzing module u_ila_0_CVltlib_v1_0_0_all_typeA_slice_104
INFO: [VRFC 10-311] analyzing module u_ila_0_CVltlib_v1_0_0_all_typeA_slice_108
INFO: [VRFC 10-311] analyzing module u_ila_0_CVltlib_v1_0_0_all_typeA_slice_109
INFO: [VRFC 10-311] analyzing module u_ila_0_CVltlib_v1_0_0_all_typeA_slice_110
INFO: [VRFC 10-311] analyzing module u_ila_0_CVltlib_v1_0_0_all_typeA_slice_114
INFO: [VRFC 10-311] analyzing module u_ila_0_CVltlib_v1_0_0_all_typeA_slice_115
INFO: [VRFC 10-311] analyzing module u_ila_0_CVltlib_v1_0_0_all_typeA_slice_116
INFO: [VRFC 10-311] analyzing module u_ila_0_CVltlib_v1_0_0_all_typeA_slice_120
INFO: [VRFC 10-311] analyzing module u_ila_0_CVltlib_v1_0_0_all_typeA_slice_121
INFO: [VRFC 10-311] analyzing module u_ila_0_CVltlib_v1_0_0_all_typeA_slice_122
INFO: [VRFC 10-311] analyzing module u_ila_0_CVltlib_v1_0_0_all_typeA_slice_126
INFO: [VRFC 10-311] analyzing module u_ila_0_CVltlib_v1_0_0_all_typeA_slice_127
INFO: [VRFC 10-311] analyzing module u_ila_0_CVltlib_v1_0_0_all_typeA_slice_128
INFO: [VRFC 10-311] analyzing module u_ila_0_CVltlib_v1_0_0_all_typeA_slice_132
INFO: [VRFC 10-311] analyzing module u_ila_0_CVltlib_v1_0_0_all_typeA_slice_133
INFO: [VRFC 10-311] analyzing module u_ila_0_CVltlib_v1_0_0_all_typeA_slice_134
INFO: [VRFC 10-311] analyzing module u_ila_0_CVltlib_v1_0_0_all_typeA_slice_138
INFO: [VRFC 10-311] analyzing module u_ila_0_CVltlib_v1_0_0_all_typeA_slice_139
INFO: [VRFC 10-311] analyzing module u_ila_0_CVltlib_v1_0_0_all_typeA_slice_140
INFO: [VRFC 10-311] analyzing module u_ila_0_CVltlib_v1_0_0_all_typeA_slice_144
INFO: [VRFC 10-311] analyzing module u_ila_0_CVltlib_v1_0_0_all_typeA_slice_145
INFO: [VRFC 10-311] analyzing module u_ila_0_CVltlib_v1_0_0_all_typeA_slice_146
INFO: [VRFC 10-311] analyzing module u_ila_0_CVltlib_v1_0_0_all_typeA_slice_150
INFO: [VRFC 10-311] analyzing module u_ila_0_CVltlib_v1_0_0_all_typeA_slice_151
INFO: [VRFC 10-311] analyzing module u_ila_0_CVltlib_v1_0_0_all_typeA_slice_152
INFO: [VRFC 10-311] analyzing module u_ila_0_CVltlib_v1_0_0_all_typeA_slice_156
INFO: [VRFC 10-311] analyzing module u_ila_0_CVltlib_v1_0_0_all_typeA_slice_157
INFO: [VRFC 10-311] analyzing module u_ila_0_CVltlib_v1_0_0_all_typeA_slice_158
INFO: [VRFC 10-311] analyzing module u_ila_0_CVltlib_v1_0_0_all_typeA_slice_162
INFO: [VRFC 10-311] analyzing module u_ila_0_CVltlib_v1_0_0_all_typeA_slice_163
INFO: [VRFC 10-311] analyzing module u_ila_0_CVltlib_v1_0_0_all_typeA_slice_164
INFO: [VRFC 10-311] analyzing module u_ila_0_CVltlib_v1_0_0_all_typeA_slice_168
INFO: [VRFC 10-311] analyzing module u_ila_0_CVltlib_v1_0_0_all_typeA_slice_169
INFO: [VRFC 10-311] analyzing module u_ila_0_CVltlib_v1_0_0_all_typeA_slice_170
INFO: [VRFC 10-311] analyzing module u_ila_0_CVltlib_v1_0_0_all_typeA_slice_174
INFO: [VRFC 10-311] analyzing module u_ila_0_CVltlib_v1_0_0_all_typeA_slice_175
INFO: [VRFC 10-311] analyzing module u_ila_0_CVltlib_v1_0_0_all_typeA_slice_176
INFO: [VRFC 10-311] analyzing module u_ila_0_CVltlib_v1_0_0_all_typeA_slice_180
INFO: [VRFC 10-311] analyzing module u_ila_0_CVltlib_v1_0_0_all_typeA_slice_181
INFO: [VRFC 10-311] analyzing module u_ila_0_CVltlib_v1_0_0_all_typeA_slice_182
INFO: [VRFC 10-311] analyzing module u_ila_0_CVltlib_v1_0_0_all_typeA_slice_186
INFO: [VRFC 10-311] analyzing module u_ila_0_CVltlib_v1_0_0_all_typeA_slice_187
INFO: [VRFC 10-311] analyzing module u_ila_0_CVltlib_v1_0_0_all_typeA_slice_188
INFO: [VRFC 10-311] analyzing module u_ila_0_CVltlib_v1_0_0_all_typeA_slice_192
INFO: [VRFC 10-311] analyzing module u_ila_0_CVltlib_v1_0_0_all_typeA_slice_193
INFO: [VRFC 10-311] analyzing module u_ila_0_CVltlib_v1_0_0_all_typeA_slice_194
INFO: [VRFC 10-311] analyzing module u_ila_0_CVltlib_v1_0_0_all_typeA_slice_198
INFO: [VRFC 10-311] analyzing module u_ila_0_CVltlib_v1_0_0_all_typeA_slice_199
INFO: [VRFC 10-311] analyzing module u_ila_0_CVltlib_v1_0_0_all_typeA_slice_200
INFO: [VRFC 10-311] analyzing module u_ila_0_CVltlib_v1_0_0_all_typeA_slice_204
INFO: [VRFC 10-311] analyzing module u_ila_0_CVltlib_v1_0_0_all_typeA_slice_205
INFO: [VRFC 10-311] analyzing module u_ila_0_CVltlib_v1_0_0_all_typeA_slice_206
INFO: [VRFC 10-311] analyzing module u_ila_0_CVltlib_v1_0_0_all_typeA_slice_210
INFO: [VRFC 10-311] analyzing module u_ila_0_CVltlib_v1_0_0_all_typeA_slice_211
INFO: [VRFC 10-311] analyzing module u_ila_0_CVltlib_v1_0_0_all_typeA_slice_212
INFO: [VRFC 10-311] analyzing module u_ila_0_CVltlib_v1_0_0_all_typeA_slice_216
INFO: [VRFC 10-311] analyzing module u_ila_0_CVltlib_v1_0_0_all_typeA_slice_217
INFO: [VRFC 10-311] analyzing module u_ila_0_CVltlib_v1_0_0_all_typeA_slice_218
INFO: [VRFC 10-311] analyzing module u_ila_0_CVltlib_v1_0_0_all_typeA_slice_222
INFO: [VRFC 10-311] analyzing module u_ila_0_CVltlib_v1_0_0_all_typeA_slice_223
INFO: [VRFC 10-311] analyzing module u_ila_0_CVltlib_v1_0_0_all_typeA_slice_224
INFO: [VRFC 10-311] analyzing module u_ila_0_CVltlib_v1_0_0_all_typeA_slice_32
INFO: [VRFC 10-311] analyzing module u_ila_0_CVltlib_v1_0_0_all_typeA_slice_33
INFO: [VRFC 10-311] analyzing module u_ila_0_CVltlib_v1_0_0_all_typeA_slice_36
INFO: [VRFC 10-311] analyzing module u_ila_0_CVltlib_v1_0_0_all_typeA_slice_37
INFO: [VRFC 10-311] analyzing module u_ila_0_CVltlib_v1_0_0_all_typeA_slice_38
INFO: [VRFC 10-311] analyzing module u_ila_0_CVltlib_v1_0_0_all_typeA_slice_42
INFO: [VRFC 10-311] analyzing module u_ila_0_CVltlib_v1_0_0_all_typeA_slice_43
INFO: [VRFC 10-311] analyzing module u_ila_0_CVltlib_v1_0_0_all_typeA_slice_44
INFO: [VRFC 10-311] analyzing module u_ila_0_CVltlib_v1_0_0_all_typeA_slice_48
INFO: [VRFC 10-311] analyzing module u_ila_0_CVltlib_v1_0_0_all_typeA_slice_49
INFO: [VRFC 10-311] analyzing module u_ila_0_CVltlib_v1_0_0_all_typeA_slice_50
INFO: [VRFC 10-311] analyzing module u_ila_0_CVltlib_v1_0_0_all_typeA_slice_54
INFO: [VRFC 10-311] analyzing module u_ila_0_CVltlib_v1_0_0_all_typeA_slice_55
INFO: [VRFC 10-311] analyzing module u_ila_0_CVltlib_v1_0_0_all_typeA_slice_56
INFO: [VRFC 10-311] analyzing module u_ila_0_CVltlib_v1_0_0_all_typeA_slice_60
INFO: [VRFC 10-311] analyzing module u_ila_0_CVltlib_v1_0_0_all_typeA_slice_61
INFO: [VRFC 10-311] analyzing module u_ila_0_CVltlib_v1_0_0_all_typeA_slice_62
INFO: [VRFC 10-311] analyzing module u_ila_0_CVltlib_v1_0_0_all_typeA_slice_66
INFO: [VRFC 10-311] analyzing module u_ila_0_CVltlib_v1_0_0_all_typeA_slice_67
INFO: [VRFC 10-311] analyzing module u_ila_0_CVltlib_v1_0_0_all_typeA_slice_68
INFO: [VRFC 10-311] analyzing module u_ila_0_CVltlib_v1_0_0_all_typeA_slice_72
INFO: [VRFC 10-311] analyzing module u_ila_0_CVltlib_v1_0_0_all_typeA_slice_73
INFO: [VRFC 10-311] analyzing module u_ila_0_CVltlib_v1_0_0_all_typeA_slice_74
INFO: [VRFC 10-311] analyzing module u_ila_0_CVltlib_v1_0_0_all_typeA_slice_78
INFO: [VRFC 10-311] analyzing module u_ila_0_CVltlib_v1_0_0_all_typeA_slice_79
INFO: [VRFC 10-311] analyzing module u_ila_0_CVltlib_v1_0_0_all_typeA_slice_80
INFO: [VRFC 10-311] analyzing module u_ila_0_CVltlib_v1_0_0_all_typeA_slice_84
INFO: [VRFC 10-311] analyzing module u_ila_0_CVltlib_v1_0_0_all_typeA_slice_85
INFO: [VRFC 10-311] analyzing module u_ila_0_CVltlib_v1_0_0_all_typeA_slice_86
INFO: [VRFC 10-311] analyzing module u_ila_0_CVltlib_v1_0_0_all_typeA_slice_90
INFO: [VRFC 10-311] analyzing module u_ila_0_CVltlib_v1_0_0_all_typeA_slice_91
INFO: [VRFC 10-311] analyzing module u_ila_0_CVltlib_v1_0_0_all_typeA_slice_92
INFO: [VRFC 10-311] analyzing module u_ila_0_CVltlib_v1_0_0_all_typeA_slice_96
INFO: [VRFC 10-311] analyzing module u_ila_0_CVltlib_v1_0_0_all_typeA_slice_97
INFO: [VRFC 10-311] analyzing module u_ila_0_CVltlib_v1_0_0_all_typeA_slice_98
INFO: [VRFC 10-311] analyzing module u_ila_0_CVltlib_v1_0_0_all_typeA_slice__parameterized0
INFO: [VRFC 10-311] analyzing module u_ila_0_CVltlib_v1_0_0_all_typeA_slice__parameterized0_105
INFO: [VRFC 10-311] analyzing module u_ila_0_CVltlib_v1_0_0_all_typeA_slice__parameterized0_111
INFO: [VRFC 10-311] analyzing module u_ila_0_CVltlib_v1_0_0_all_typeA_slice__parameterized0_117
INFO: [VRFC 10-311] analyzing module u_ila_0_CVltlib_v1_0_0_all_typeA_slice__parameterized0_123
INFO: [VRFC 10-311] analyzing module u_ila_0_CVltlib_v1_0_0_all_typeA_slice__parameterized0_129
INFO: [VRFC 10-311] analyzing module u_ila_0_CVltlib_v1_0_0_all_typeA_slice__parameterized0_135
INFO: [VRFC 10-311] analyzing module u_ila_0_CVltlib_v1_0_0_all_typeA_slice__parameterized0_141
INFO: [VRFC 10-311] analyzing module u_ila_0_CVltlib_v1_0_0_all_typeA_slice__parameterized0_147
INFO: [VRFC 10-311] analyzing module u_ila_0_CVltlib_v1_0_0_all_typeA_slice__parameterized0_153
INFO: [VRFC 10-311] analyzing module u_ila_0_CVltlib_v1_0_0_all_typeA_slice__parameterized0_159
INFO: [VRFC 10-311] analyzing module u_ila_0_CVltlib_v1_0_0_all_typeA_slice__parameterized0_165
INFO: [VRFC 10-311] analyzing module u_ila_0_CVltlib_v1_0_0_all_typeA_slice__parameterized0_171
INFO: [VRFC 10-311] analyzing module u_ila_0_CVltlib_v1_0_0_all_typeA_slice__parameterized0_177
INFO: [VRFC 10-311] analyzing module u_ila_0_CVltlib_v1_0_0_all_typeA_slice__parameterized0_183
INFO: [VRFC 10-311] analyzing module u_ila_0_CVltlib_v1_0_0_all_typeA_slice__parameterized0_189
INFO: [VRFC 10-311] analyzing module u_ila_0_CVltlib_v1_0_0_all_typeA_slice__parameterized0_195
INFO: [VRFC 10-311] analyzing module u_ila_0_CVltlib_v1_0_0_all_typeA_slice__parameterized0_201
INFO: [VRFC 10-311] analyzing module u_ila_0_CVltlib_v1_0_0_all_typeA_slice__parameterized0_207
INFO: [VRFC 10-311] analyzing module u_ila_0_CVltlib_v1_0_0_all_typeA_slice__parameterized0_213
INFO: [VRFC 10-311] analyzing module u_ila_0_CVltlib_v1_0_0_all_typeA_slice__parameterized0_219
INFO: [VRFC 10-311] analyzing module u_ila_0_CVltlib_v1_0_0_all_typeA_slice__parameterized0_225
INFO: [VRFC 10-311] analyzing module u_ila_0_CVltlib_v1_0_0_all_typeA_slice__parameterized0_39
INFO: [VRFC 10-311] analyzing module u_ila_0_CVltlib_v1_0_0_all_typeA_slice__parameterized0_45
INFO: [VRFC 10-311] analyzing module u_ila_0_CVltlib_v1_0_0_all_typeA_slice__parameterized0_51
INFO: [VRFC 10-311] analyzing module u_ila_0_CVltlib_v1_0_0_all_typeA_slice__parameterized0_57
INFO: [VRFC 10-311] analyzing module u_ila_0_CVltlib_v1_0_0_all_typeA_slice__parameterized0_63
INFO: [VRFC 10-311] analyzing module u_ila_0_CVltlib_v1_0_0_all_typeA_slice__parameterized0_69
INFO: [VRFC 10-311] analyzing module u_ila_0_CVltlib_v1_0_0_all_typeA_slice__parameterized0_75
INFO: [VRFC 10-311] analyzing module u_ila_0_CVltlib_v1_0_0_all_typeA_slice__parameterized0_81
INFO: [VRFC 10-311] analyzing module u_ila_0_CVltlib_v1_0_0_all_typeA_slice__parameterized0_87
INFO: [VRFC 10-311] analyzing module u_ila_0_CVltlib_v1_0_0_all_typeA_slice__parameterized0_93
INFO: [VRFC 10-311] analyzing module u_ila_0_CVltlib_v1_0_0_all_typeA_slice__parameterized0_99
INFO: [VRFC 10-311] analyzing module u_ila_0_CVltlib_v1_0_0_all_typeA_slice__parameterized1
INFO: [VRFC 10-311] analyzing module u_ila_0_CVltlib_v1_0_0_all_typeA_slice__parameterized10
INFO: [VRFC 10-311] analyzing module u_ila_0_CVltlib_v1_0_0_all_typeA_slice__parameterized11
INFO: [VRFC 10-311] analyzing module u_ila_0_CVltlib_v1_0_0_all_typeA_slice__parameterized12
INFO: [VRFC 10-311] analyzing module u_ila_0_CVltlib_v1_0_0_all_typeA_slice__parameterized13
INFO: [VRFC 10-311] analyzing module u_ila_0_CVltlib_v1_0_0_all_typeA_slice__parameterized14
INFO: [VRFC 10-311] analyzing module u_ila_0_CVltlib_v1_0_0_all_typeA_slice__parameterized15
INFO: [VRFC 10-311] analyzing module u_ila_0_CVltlib_v1_0_0_all_typeA_slice__parameterized16
INFO: [VRFC 10-311] analyzing module u_ila_0_CVltlib_v1_0_0_all_typeA_slice__parameterized17
INFO: [VRFC 10-311] analyzing module u_ila_0_CVltlib_v1_0_0_all_typeA_slice__parameterized18
INFO: [VRFC 10-311] analyzing module u_ila_0_CVltlib_v1_0_0_all_typeA_slice__parameterized19
INFO: [VRFC 10-311] analyzing module u_ila_0_CVltlib_v1_0_0_all_typeA_slice__parameterized2
INFO: [VRFC 10-311] analyzing module u_ila_0_CVltlib_v1_0_0_all_typeA_slice__parameterized20
INFO: [VRFC 10-311] analyzing module u_ila_0_CVltlib_v1_0_0_all_typeA_slice__parameterized21
INFO: [VRFC 10-311] analyzing module u_ila_0_CVltlib_v1_0_0_all_typeA_slice__parameterized22
INFO: [VRFC 10-311] analyzing module u_ila_0_CVltlib_v1_0_0_all_typeA_slice__parameterized23
INFO: [VRFC 10-311] analyzing module u_ila_0_CVltlib_v1_0_0_all_typeA_slice__parameterized24
INFO: [VRFC 10-311] analyzing module u_ila_0_CVltlib_v1_0_0_all_typeA_slice__parameterized25
INFO: [VRFC 10-311] analyzing module u_ila_0_CVltlib_v1_0_0_all_typeA_slice__parameterized26
INFO: [VRFC 10-311] analyzing module u_ila_0_CVltlib_v1_0_0_all_typeA_slice__parameterized27
INFO: [VRFC 10-311] analyzing module u_ila_0_CVltlib_v1_0_0_all_typeA_slice__parameterized28
INFO: [VRFC 10-311] analyzing module u_ila_0_CVltlib_v1_0_0_all_typeA_slice__parameterized29
INFO: [VRFC 10-311] analyzing module u_ila_0_CVltlib_v1_0_0_all_typeA_slice__parameterized29_254
INFO: [VRFC 10-311] analyzing module u_ila_0_CVltlib_v1_0_0_all_typeA_slice__parameterized29_262
INFO: [VRFC 10-311] analyzing module u_ila_0_CVltlib_v1_0_0_all_typeA_slice__parameterized3
INFO: [VRFC 10-311] analyzing module u_ila_0_CVltlib_v1_0_0_all_typeA_slice__parameterized30
INFO: [VRFC 10-311] analyzing module u_ila_0_CVltlib_v1_0_0_all_typeA_slice__parameterized30_255
INFO: [VRFC 10-311] analyzing module u_ila_0_CVltlib_v1_0_0_all_typeA_slice__parameterized30_263
INFO: [VRFC 10-311] analyzing module u_ila_0_CVltlib_v1_0_0_all_typeA_slice__parameterized4
INFO: [VRFC 10-311] analyzing module u_ila_0_CVltlib_v1_0_0_all_typeA_slice__parameterized5
INFO: [VRFC 10-311] analyzing module u_ila_0_CVltlib_v1_0_0_all_typeA_slice__parameterized6
INFO: [VRFC 10-311] analyzing module u_ila_0_CVltlib_v1_0_0_all_typeA_slice__parameterized7
INFO: [VRFC 10-311] analyzing module u_ila_0_CVltlib_v1_0_0_all_typeA_slice__parameterized8
INFO: [VRFC 10-311] analyzing module u_ila_0_CVltlib_v1_0_0_all_typeA_slice__parameterized9
INFO: [VRFC 10-311] analyzing module u_ila_0_CVltlib_v1_0_0_allx_typeA
INFO: [VRFC 10-311] analyzing module u_ila_0_CVltlib_v1_0_0_allx_typeA_100
INFO: [VRFC 10-311] analyzing module u_ila_0_CVltlib_v1_0_0_allx_typeA_106
INFO: [VRFC 10-311] analyzing module u_ila_0_CVltlib_v1_0_0_allx_typeA_112
INFO: [VRFC 10-311] analyzing module u_ila_0_CVltlib_v1_0_0_allx_typeA_118
INFO: [VRFC 10-311] analyzing module u_ila_0_CVltlib_v1_0_0_allx_typeA_124
INFO: [VRFC 10-311] analyzing module u_ila_0_CVltlib_v1_0_0_allx_typeA_130
INFO: [VRFC 10-311] analyzing module u_ila_0_CVltlib_v1_0_0_allx_typeA_136
INFO: [VRFC 10-311] analyzing module u_ila_0_CVltlib_v1_0_0_allx_typeA_142
INFO: [VRFC 10-311] analyzing module u_ila_0_CVltlib_v1_0_0_allx_typeA_148
INFO: [VRFC 10-311] analyzing module u_ila_0_CVltlib_v1_0_0_allx_typeA_154
INFO: [VRFC 10-311] analyzing module u_ila_0_CVltlib_v1_0_0_allx_typeA_160
INFO: [VRFC 10-311] analyzing module u_ila_0_CVltlib_v1_0_0_allx_typeA_166
INFO: [VRFC 10-311] analyzing module u_ila_0_CVltlib_v1_0_0_allx_typeA_172
INFO: [VRFC 10-311] analyzing module u_ila_0_CVltlib_v1_0_0_allx_typeA_178
INFO: [VRFC 10-311] analyzing module u_ila_0_CVltlib_v1_0_0_allx_typeA_184
INFO: [VRFC 10-311] analyzing module u_ila_0_CVltlib_v1_0_0_allx_typeA_190
INFO: [VRFC 10-311] analyzing module u_ila_0_CVltlib_v1_0_0_allx_typeA_196
INFO: [VRFC 10-311] analyzing module u_ila_0_CVltlib_v1_0_0_allx_typeA_202
INFO: [VRFC 10-311] analyzing module u_ila_0_CVltlib_v1_0_0_allx_typeA_208
INFO: [VRFC 10-311] analyzing module u_ila_0_CVltlib_v1_0_0_allx_typeA_214
INFO: [VRFC 10-311] analyzing module u_ila_0_CVltlib_v1_0_0_allx_typeA_220
INFO: [VRFC 10-311] analyzing module u_ila_0_CVltlib_v1_0_0_allx_typeA_34
INFO: [VRFC 10-311] analyzing module u_ila_0_CVltlib_v1_0_0_allx_typeA_40
INFO: [VRFC 10-311] analyzing module u_ila_0_CVltlib_v1_0_0_allx_typeA_46
INFO: [VRFC 10-311] analyzing module u_ila_0_CVltlib_v1_0_0_allx_typeA_52
INFO: [VRFC 10-311] analyzing module u_ila_0_CVltlib_v1_0_0_allx_typeA_58
INFO: [VRFC 10-311] analyzing module u_ila_0_CVltlib_v1_0_0_allx_typeA_64
INFO: [VRFC 10-311] analyzing module u_ila_0_CVltlib_v1_0_0_allx_typeA_70
INFO: [VRFC 10-311] analyzing module u_ila_0_CVltlib_v1_0_0_allx_typeA_76
INFO: [VRFC 10-311] analyzing module u_ila_0_CVltlib_v1_0_0_allx_typeA_82
INFO: [VRFC 10-311] analyzing module u_ila_0_CVltlib_v1_0_0_allx_typeA_88
INFO: [VRFC 10-311] analyzing module u_ila_0_CVltlib_v1_0_0_allx_typeA_94
INFO: [VRFC 10-311] analyzing module u_ila_0_CVltlib_v1_0_0_allx_typeA__parameterized0
INFO: [VRFC 10-311] analyzing module u_ila_0_CVltlib_v1_0_0_allx_typeA__parameterized1
INFO: [VRFC 10-311] analyzing module u_ila_0_CVltlib_v1_0_0_allx_typeA__parameterized10
INFO: [VRFC 10-311] analyzing module u_ila_0_CVltlib_v1_0_0_allx_typeA__parameterized11
INFO: [VRFC 10-311] analyzing module u_ila_0_CVltlib_v1_0_0_allx_typeA__parameterized12
INFO: [VRFC 10-311] analyzing module u_ila_0_CVltlib_v1_0_0_allx_typeA__parameterized13
INFO: [VRFC 10-311] analyzing module u_ila_0_CVltlib_v1_0_0_allx_typeA__parameterized14
INFO: [VRFC 10-311] analyzing module u_ila_0_CVltlib_v1_0_0_allx_typeA__parameterized15
INFO: [VRFC 10-311] analyzing module u_ila_0_CVltlib_v1_0_0_allx_typeA__parameterized16
INFO: [VRFC 10-311] analyzing module u_ila_0_CVltlib_v1_0_0_allx_typeA__parameterized17
INFO: [VRFC 10-311] analyzing module u_ila_0_CVltlib_v1_0_0_allx_typeA__parameterized18
INFO: [VRFC 10-311] analyzing module u_ila_0_CVltlib_v1_0_0_allx_typeA__parameterized19
INFO: [VRFC 10-311] analyzing module u_ila_0_CVltlib_v1_0_0_allx_typeA__parameterized2
INFO: [VRFC 10-311] analyzing module u_ila_0_CVltlib_v1_0_0_allx_typeA__parameterized20
INFO: [VRFC 10-311] analyzing module u_ila_0_CVltlib_v1_0_0_allx_typeA__parameterized21
INFO: [VRFC 10-311] analyzing module u_ila_0_CVltlib_v1_0_0_allx_typeA__parameterized22
INFO: [VRFC 10-311] analyzing module u_ila_0_CVltlib_v1_0_0_allx_typeA__parameterized23
INFO: [VRFC 10-311] analyzing module u_ila_0_CVltlib_v1_0_0_allx_typeA__parameterized24
INFO: [VRFC 10-311] analyzing module u_ila_0_CVltlib_v1_0_0_allx_typeA__parameterized25
INFO: [VRFC 10-311] analyzing module u_ila_0_CVltlib_v1_0_0_allx_typeA__parameterized26
INFO: [VRFC 10-311] analyzing module u_ila_0_CVltlib_v1_0_0_allx_typeA__parameterized27
INFO: [VRFC 10-311] analyzing module u_ila_0_CVltlib_v1_0_0_allx_typeA__parameterized3
INFO: [VRFC 10-311] analyzing module u_ila_0_CVltlib_v1_0_0_allx_typeA__parameterized4
INFO: [VRFC 10-311] analyzing module u_ila_0_CVltlib_v1_0_0_allx_typeA__parameterized5
INFO: [VRFC 10-311] analyzing module u_ila_0_CVltlib_v1_0_0_allx_typeA__parameterized6
INFO: [VRFC 10-311] analyzing module u_ila_0_CVltlib_v1_0_0_allx_typeA__parameterized7
INFO: [VRFC 10-311] analyzing module u_ila_0_CVltlib_v1_0_0_allx_typeA__parameterized8
INFO: [VRFC 10-311] analyzing module u_ila_0_CVltlib_v1_0_0_allx_typeA__parameterized9
INFO: [VRFC 10-311] analyzing module u_ila_0_CVltlib_v1_0_0_allx_typeA_nodelay
INFO: [VRFC 10-311] analyzing module u_ila_0_CVltlib_v1_0_0_allx_typeA_nodelay_252
INFO: [VRFC 10-311] analyzing module u_ila_0_CVltlib_v1_0_0_allx_typeA_nodelay_260
INFO: [VRFC 10-311] analyzing module u_ila_0_CVltlib_v1_0_0_async_edge_xfer
INFO: [VRFC 10-311] analyzing module u_ila_0_CVltlib_v1_0_0_async_edge_xfer_226
INFO: [VRFC 10-311] analyzing module u_ila_0_CVltlib_v1_0_0_async_edge_xfer_227
INFO: [VRFC 10-311] analyzing module u_ila_0_CVltlib_v1_0_0_async_edge_xfer_228
INFO: [VRFC 10-311] analyzing module u_ila_0_CVltlib_v1_0_0_cfglut4
INFO: [VRFC 10-311] analyzing module u_ila_0_CVltlib_v1_0_0_cfglut4_256
INFO: [VRFC 10-311] analyzing module u_ila_0_CVltlib_v1_0_0_cfglut5
INFO: [VRFC 10-311] analyzing module u_ila_0_CVltlib_v1_0_0_cfglut5_250
INFO: [VRFC 10-311] analyzing module u_ila_0_CVltlib_v1_0_0_cfglut5_257
INFO: [VRFC 10-311] analyzing module u_ila_0_CVltlib_v1_0_0_cfglut6
INFO: [VRFC 10-311] analyzing module u_ila_0_CVltlib_v1_0_0_cfglut6_258
INFO: [VRFC 10-311] analyzing module u_ila_0_CVltlib_v1_0_0_cfglut6__parameterized0
INFO: [VRFC 10-311] analyzing module u_ila_0_CVltlib_v1_0_0_cfglut7
INFO: [VRFC 10-311] analyzing module u_ila_0_CVltlib_v1_0_0_cfglut7_249
INFO: [VRFC 10-311] analyzing module u_ila_0_CVltlib_v1_0_0_generic_memrd
INFO: [VRFC 10-311] analyzing module u_ila_0_CVltlib_v1_0_0_match
INFO: [VRFC 10-311] analyzing module u_ila_0_CVltlib_v1_0_0_match_0
INFO: [VRFC 10-311] analyzing module u_ila_0_CVltlib_v1_0_0_match_1
INFO: [VRFC 10-311] analyzing module u_ila_0_CVltlib_v1_0_0_match_10
INFO: [VRFC 10-311] analyzing module u_ila_0_CVltlib_v1_0_0_match_11
INFO: [VRFC 10-311] analyzing module u_ila_0_CVltlib_v1_0_0_match_12
INFO: [VRFC 10-311] analyzing module u_ila_0_CVltlib_v1_0_0_match_13
INFO: [VRFC 10-311] analyzing module u_ila_0_CVltlib_v1_0_0_match_14
INFO: [VRFC 10-311] analyzing module u_ila_0_CVltlib_v1_0_0_match_15
INFO: [VRFC 10-311] analyzing module u_ila_0_CVltlib_v1_0_0_match_16
INFO: [VRFC 10-311] analyzing module u_ila_0_CVltlib_v1_0_0_match_17
INFO: [VRFC 10-311] analyzing module u_ila_0_CVltlib_v1_0_0_match_18
INFO: [VRFC 10-311] analyzing module u_ila_0_CVltlib_v1_0_0_match_19
INFO: [VRFC 10-311] analyzing module u_ila_0_CVltlib_v1_0_0_match_2
INFO: [VRFC 10-311] analyzing module u_ila_0_CVltlib_v1_0_0_match_20
INFO: [VRFC 10-311] analyzing module u_ila_0_CVltlib_v1_0_0_match_21
INFO: [VRFC 10-311] analyzing module u_ila_0_CVltlib_v1_0_0_match_22
INFO: [VRFC 10-311] analyzing module u_ila_0_CVltlib_v1_0_0_match_23
INFO: [VRFC 10-311] analyzing module u_ila_0_CVltlib_v1_0_0_match_24
INFO: [VRFC 10-311] analyzing module u_ila_0_CVltlib_v1_0_0_match_25
INFO: [VRFC 10-311] analyzing module u_ila_0_CVltlib_v1_0_0_match_26
INFO: [VRFC 10-311] analyzing module u_ila_0_CVltlib_v1_0_0_match_27
INFO: [VRFC 10-311] analyzing module u_ila_0_CVltlib_v1_0_0_match_28
INFO: [VRFC 10-311] analyzing module u_ila_0_CVltlib_v1_0_0_match_29
INFO: [VRFC 10-311] analyzing module u_ila_0_CVltlib_v1_0_0_match_3
INFO: [VRFC 10-311] analyzing module u_ila_0_CVltlib_v1_0_0_match_30
INFO: [VRFC 10-311] analyzing module u_ila_0_CVltlib_v1_0_0_match_31
INFO: [VRFC 10-311] analyzing module u_ila_0_CVltlib_v1_0_0_match_4
INFO: [VRFC 10-311] analyzing module u_ila_0_CVltlib_v1_0_0_match_5
INFO: [VRFC 10-311] analyzing module u_ila_0_CVltlib_v1_0_0_match_6
INFO: [VRFC 10-311] analyzing module u_ila_0_CVltlib_v1_0_0_match_7
INFO: [VRFC 10-311] analyzing module u_ila_0_CVltlib_v1_0_0_match_8
INFO: [VRFC 10-311] analyzing module u_ila_0_CVltlib_v1_0_0_match_9
INFO: [VRFC 10-311] analyzing module u_ila_0_CVltlib_v1_0_0_match__parameterized0
INFO: [VRFC 10-311] analyzing module u_ila_0_CVltlib_v1_0_0_match__parameterized1
INFO: [VRFC 10-311] analyzing module u_ila_0_CVltlib_v1_0_0_match__parameterized10
INFO: [VRFC 10-311] analyzing module u_ila_0_CVltlib_v1_0_0_match__parameterized11
INFO: [VRFC 10-311] analyzing module u_ila_0_CVltlib_v1_0_0_match__parameterized12
INFO: [VRFC 10-311] analyzing module u_ila_0_CVltlib_v1_0_0_match__parameterized13
INFO: [VRFC 10-311] analyzing module u_ila_0_CVltlib_v1_0_0_match__parameterized14
INFO: [VRFC 10-311] analyzing module u_ila_0_CVltlib_v1_0_0_match__parameterized15
INFO: [VRFC 10-311] analyzing module u_ila_0_CVltlib_v1_0_0_match__parameterized16
INFO: [VRFC 10-311] analyzing module u_ila_0_CVltlib_v1_0_0_match__parameterized17
INFO: [VRFC 10-311] analyzing module u_ila_0_CVltlib_v1_0_0_match__parameterized18
INFO: [VRFC 10-311] analyzing module u_ila_0_CVltlib_v1_0_0_match__parameterized19
INFO: [VRFC 10-311] analyzing module u_ila_0_CVltlib_v1_0_0_match__parameterized2
INFO: [VRFC 10-311] analyzing module u_ila_0_CVltlib_v1_0_0_match__parameterized20
INFO: [VRFC 10-311] analyzing module u_ila_0_CVltlib_v1_0_0_match__parameterized21
INFO: [VRFC 10-311] analyzing module u_ila_0_CVltlib_v1_0_0_match__parameterized22
INFO: [VRFC 10-311] analyzing module u_ila_0_CVltlib_v1_0_0_match__parameterized23
INFO: [VRFC 10-311] analyzing module u_ila_0_CVltlib_v1_0_0_match__parameterized24
INFO: [VRFC 10-311] analyzing module u_ila_0_CVltlib_v1_0_0_match__parameterized25
INFO: [VRFC 10-311] analyzing module u_ila_0_CVltlib_v1_0_0_match__parameterized26
INFO: [VRFC 10-311] analyzing module u_ila_0_CVltlib_v1_0_0_match__parameterized27
INFO: [VRFC 10-311] analyzing module u_ila_0_CVltlib_v1_0_0_match__parameterized3
INFO: [VRFC 10-311] analyzing module u_ila_0_CVltlib_v1_0_0_match__parameterized4
INFO: [VRFC 10-311] analyzing module u_ila_0_CVltlib_v1_0_0_match__parameterized5
INFO: [VRFC 10-311] analyzing module u_ila_0_CVltlib_v1_0_0_match__parameterized6
INFO: [VRFC 10-311] analyzing module u_ila_0_CVltlib_v1_0_0_match__parameterized7
INFO: [VRFC 10-311] analyzing module u_ila_0_CVltlib_v1_0_0_match__parameterized8
INFO: [VRFC 10-311] analyzing module u_ila_0_CVltlib_v1_0_0_match__parameterized9
INFO: [VRFC 10-311] analyzing module u_ila_0_CVltlib_v1_0_0_match_nodelay
INFO: [VRFC 10-311] analyzing module u_ila_0_CVltlib_v1_0_0_match_nodelay_251
INFO: [VRFC 10-311] analyzing module u_ila_0_CVltlib_v1_0_0_match_nodelay_259
INFO: [VRFC 10-311] analyzing module u_ila_0_CVltlib_v1_0_0_rising_edge_detection
INFO: [VRFC 10-311] analyzing module u_ila_0_CVltlib_v1_0_0_rising_edge_detection_229
INFO: [VRFC 10-311] analyzing module u_ila_0_CVxsdbs_v1_0_2_reg__parameterized65
INFO: [VRFC 10-311] analyzing module u_ila_0_CVxsdbs_v1_0_2_reg__parameterized66
INFO: [VRFC 10-311] analyzing module u_ila_0_CVxsdbs_v1_0_2_reg__parameterized67
INFO: [VRFC 10-311] analyzing module u_ila_0_CVxsdbs_v1_0_2_reg__parameterized68
INFO: [VRFC 10-311] analyzing module u_ila_0_CVxsdbs_v1_0_2_reg__parameterized80
INFO: [VRFC 10-311] analyzing module u_ila_0_CVxsdbs_v1_0_2_reg__parameterized81
INFO: [VRFC 10-311] analyzing module u_ila_0_CVxsdbs_v1_0_2_reg__parameterized82
INFO: [VRFC 10-311] analyzing module u_ila_0_CVxsdbs_v1_0_2_reg__parameterized83
INFO: [VRFC 10-311] analyzing module u_ila_0_CVxsdbs_v1_0_2_reg__parameterized84
INFO: [VRFC 10-311] analyzing module u_ila_0_CVxsdbs_v1_0_2_reg__parameterized85
INFO: [VRFC 10-311] analyzing module u_ila_0_CVxsdbs_v1_0_2_reg__parameterized86
INFO: [VRFC 10-311] analyzing module u_ila_0_CVxsdbs_v1_0_2_reg__parameterized87
INFO: [VRFC 10-311] analyzing module u_ila_0_CVxsdbs_v1_0_2_reg__parameterized88
INFO: [VRFC 10-311] analyzing module u_ila_0_CVxsdbs_v1_0_2_reg__parameterized89
INFO: [VRFC 10-311] analyzing module u_ila_0_CVxsdbs_v1_0_2_reg__parameterized90
INFO: [VRFC 10-311] analyzing module u_ila_0_CVxsdbs_v1_0_2_reg__parameterized91
INFO: [VRFC 10-311] analyzing module u_ila_0_CVxsdbs_v1_0_2_reg__parameterized93
INFO: [VRFC 10-311] analyzing module u_ila_0_CVxsdbs_v1_0_2_reg__parameterized95
INFO: [VRFC 10-311] analyzing module u_ila_0_CVxsdbs_v1_0_2_reg__parameterized96
INFO: [VRFC 10-311] analyzing module u_ila_0_CVxsdbs_v1_0_2_reg__parameterized97
INFO: [VRFC 10-311] analyzing module u_ila_0_CVxsdbs_v1_0_2_reg__parameterized98
INFO: [VRFC 10-311] analyzing module u_ila_0_CVxsdbs_v1_0_2_reg_ctl
INFO: [VRFC 10-311] analyzing module u_ila_0_CVxsdbs_v1_0_2_reg_ctl_235
INFO: [VRFC 10-311] analyzing module u_ila_0_CVxsdbs_v1_0_2_reg_ctl_236
INFO: [VRFC 10-311] analyzing module u_ila_0_CVxsdbs_v1_0_2_reg_ctl_237
INFO: [VRFC 10-311] analyzing module u_ila_0_CVxsdbs_v1_0_2_reg_ctl_238
INFO: [VRFC 10-311] analyzing module u_ila_0_CVxsdbs_v1_0_2_reg_ctl_240
INFO: [VRFC 10-311] analyzing module u_ila_0_CVxsdbs_v1_0_2_reg_ctl_241
INFO: [VRFC 10-311] analyzing module u_ila_0_CVxsdbs_v1_0_2_reg_ctl_242
INFO: [VRFC 10-311] analyzing module u_ila_0_CVxsdbs_v1_0_2_reg_ctl_243
INFO: [VRFC 10-311] analyzing module u_ila_0_CVxsdbs_v1_0_2_reg_ctl_244
INFO: [VRFC 10-311] analyzing module u_ila_0_CVxsdbs_v1_0_2_reg_ctl_245
INFO: [VRFC 10-311] analyzing module u_ila_0_CVxsdbs_v1_0_2_reg_ctl_247
INFO: [VRFC 10-311] analyzing module u_ila_0_CVxsdbs_v1_0_2_reg_ctl__parameterized0
INFO: [VRFC 10-311] analyzing module u_ila_0_CVxsdbs_v1_0_2_reg_ctl__parameterized1
INFO: [VRFC 10-311] analyzing module u_ila_0_CVxsdbs_v1_0_2_reg_ctl__parameterized2
INFO: [VRFC 10-311] analyzing module u_ila_0_CVxsdbs_v1_0_2_reg_ctl__parameterized3
INFO: [VRFC 10-311] analyzing module u_ila_0_CVxsdbs_v1_0_2_reg_p2s
INFO: [VRFC 10-311] analyzing module u_ila_0_CVxsdbs_v1_0_2_reg_p2s__parameterized0
INFO: [VRFC 10-311] analyzing module u_ila_0_CVxsdbs_v1_0_2_reg_p2s__parameterized1
INFO: [VRFC 10-311] analyzing module u_ila_0_CVxsdbs_v1_0_2_reg_p2s__parameterized10
INFO: [VRFC 10-311] analyzing module u_ila_0_CVxsdbs_v1_0_2_reg_p2s__parameterized11
INFO: [VRFC 10-311] analyzing module u_ila_0_CVxsdbs_v1_0_2_reg_p2s__parameterized12
INFO: [VRFC 10-311] analyzing module u_ila_0_CVxsdbs_v1_0_2_reg_p2s__parameterized13
INFO: [VRFC 10-311] analyzing module u_ila_0_CVxsdbs_v1_0_2_reg_p2s__parameterized14
INFO: [VRFC 10-311] analyzing module u_ila_0_CVxsdbs_v1_0_2_reg_p2s__parameterized15
INFO: [VRFC 10-311] analyzing module u_ila_0_CVxsdbs_v1_0_2_reg_p2s__parameterized16
INFO: [VRFC 10-311] analyzing module u_ila_0_CVxsdbs_v1_0_2_reg_p2s__parameterized17
INFO: [VRFC 10-311] analyzing module u_ila_0_CVxsdbs_v1_0_2_reg_p2s__parameterized18
INFO: [VRFC 10-311] analyzing module u_ila_0_CVxsdbs_v1_0_2_reg_p2s__parameterized19
INFO: [VRFC 10-311] analyzing module u_ila_0_CVxsdbs_v1_0_2_reg_p2s__parameterized2
INFO: [VRFC 10-311] analyzing module u_ila_0_CVxsdbs_v1_0_2_reg_p2s__parameterized20
INFO: [VRFC 10-311] analyzing module u_ila_0_CVxsdbs_v1_0_2_reg_p2s__parameterized21
INFO: [VRFC 10-311] analyzing module u_ila_0_CVxsdbs_v1_0_2_reg_p2s__parameterized22
INFO: [VRFC 10-311] analyzing module u_ila_0_CVxsdbs_v1_0_2_reg_p2s__parameterized23
INFO: [VRFC 10-311] analyzing module u_ila_0_CVxsdbs_v1_0_2_reg_p2s__parameterized24
INFO: [VRFC 10-311] analyzing module u_ila_0_CVxsdbs_v1_0_2_reg_p2s__parameterized25
INFO: [VRFC 10-311] analyzing module u_ila_0_CVxsdbs_v1_0_2_reg_p2s__parameterized26
INFO: [VRFC 10-311] analyzing module u_ila_0_CVxsdbs_v1_0_2_reg_p2s__parameterized27
INFO: [VRFC 10-311] analyzing module u_ila_0_CVxsdbs_v1_0_2_reg_p2s__parameterized28
INFO: [VRFC 10-311] analyzing module u_ila_0_CVxsdbs_v1_0_2_reg_p2s__parameterized29
INFO: [VRFC 10-311] analyzing module u_ila_0_CVxsdbs_v1_0_2_reg_p2s__parameterized3
INFO: [VRFC 10-311] analyzing module u_ila_0_CVxsdbs_v1_0_2_reg_p2s__parameterized30
INFO: [VRFC 10-311] analyzing module u_ila_0_CVxsdbs_v1_0_2_reg_p2s__parameterized31
INFO: [VRFC 10-311] analyzing module u_ila_0_CVxsdbs_v1_0_2_reg_p2s__parameterized32
INFO: [VRFC 10-311] analyzing module u_ila_0_CVxsdbs_v1_0_2_reg_p2s__parameterized33
INFO: [VRFC 10-311] analyzing module u_ila_0_CVxsdbs_v1_0_2_reg_p2s__parameterized34
INFO: [VRFC 10-311] analyzing module u_ila_0_CVxsdbs_v1_0_2_reg_p2s__parameterized35
INFO: [VRFC 10-311] analyzing module u_ila_0_CVxsdbs_v1_0_2_reg_p2s__parameterized36
INFO: [VRFC 10-311] analyzing module u_ila_0_CVxsdbs_v1_0_2_reg_p2s__parameterized37
INFO: [VRFC 10-311] analyzing module u_ila_0_CVxsdbs_v1_0_2_reg_p2s__parameterized38
INFO: [VRFC 10-311] analyzing module u_ila_0_CVxsdbs_v1_0_2_reg_p2s__parameterized39
INFO: [VRFC 10-311] analyzing module u_ila_0_CVxsdbs_v1_0_2_reg_p2s__parameterized4
INFO: [VRFC 10-311] analyzing module u_ila_0_CVxsdbs_v1_0_2_reg_p2s__parameterized40
INFO: [VRFC 10-311] analyzing module u_ila_0_CVxsdbs_v1_0_2_reg_p2s__parameterized41
INFO: [VRFC 10-311] analyzing module u_ila_0_CVxsdbs_v1_0_2_reg_p2s__parameterized42
INFO: [VRFC 10-311] analyzing module u_ila_0_CVxsdbs_v1_0_2_reg_p2s__parameterized43
INFO: [VRFC 10-311] analyzing module u_ila_0_CVxsdbs_v1_0_2_reg_p2s__parameterized44
INFO: [VRFC 10-311] analyzing module u_ila_0_CVxsdbs_v1_0_2_reg_p2s__parameterized45
INFO: [VRFC 10-311] analyzing module u_ila_0_CVxsdbs_v1_0_2_reg_p2s__parameterized46
INFO: [VRFC 10-311] analyzing module u_ila_0_CVxsdbs_v1_0_2_reg_p2s__parameterized47
INFO: [VRFC 10-311] analyzing module u_ila_0_CVxsdbs_v1_0_2_reg_p2s__parameterized48
INFO: [VRFC 10-311] analyzing module u_ila_0_CVxsdbs_v1_0_2_reg_p2s__parameterized49
INFO: [VRFC 10-311] analyzing module u_ila_0_CVxsdbs_v1_0_2_reg_p2s__parameterized5
INFO: [VRFC 10-311] analyzing module u_ila_0_CVxsdbs_v1_0_2_reg_p2s__parameterized50
INFO: [VRFC 10-311] analyzing module u_ila_0_CVxsdbs_v1_0_2_reg_p2s__parameterized51
INFO: [VRFC 10-311] analyzing module u_ila_0_CVxsdbs_v1_0_2_reg_p2s__parameterized52
INFO: [VRFC 10-311] analyzing module u_ila_0_CVxsdbs_v1_0_2_reg_p2s__parameterized53
INFO: [VRFC 10-311] analyzing module u_ila_0_CVxsdbs_v1_0_2_reg_p2s__parameterized54
INFO: [VRFC 10-311] analyzing module u_ila_0_CVxsdbs_v1_0_2_reg_p2s__parameterized55
INFO: [VRFC 10-311] analyzing module u_ila_0_CVxsdbs_v1_0_2_reg_p2s__parameterized56
INFO: [VRFC 10-311] analyzing module u_ila_0_CVxsdbs_v1_0_2_reg_p2s__parameterized57
INFO: [VRFC 10-311] analyzing module u_ila_0_CVxsdbs_v1_0_2_reg_p2s__parameterized58
INFO: [VRFC 10-311] analyzing module u_ila_0_CVxsdbs_v1_0_2_reg_p2s__parameterized59
INFO: [VRFC 10-311] analyzing module u_ila_0_CVxsdbs_v1_0_2_reg_p2s__parameterized6
INFO: [VRFC 10-311] analyzing module u_ila_0_CVxsdbs_v1_0_2_reg_p2s__parameterized60
INFO: [VRFC 10-311] analyzing module u_ila_0_CVxsdbs_v1_0_2_reg_p2s__parameterized61
INFO: [VRFC 10-311] analyzing module u_ila_0_CVxsdbs_v1_0_2_reg_p2s__parameterized62
INFO: [VRFC 10-311] analyzing module u_ila_0_CVxsdbs_v1_0_2_reg_p2s__parameterized63
INFO: [VRFC 10-311] analyzing module u_ila_0_CVxsdbs_v1_0_2_reg_p2s__parameterized64
INFO: [VRFC 10-311] analyzing module u_ila_0_CVxsdbs_v1_0_2_reg_p2s__parameterized7
INFO: [VRFC 10-311] analyzing module u_ila_0_CVxsdbs_v1_0_2_reg_p2s__parameterized8
INFO: [VRFC 10-311] analyzing module u_ila_0_CVxsdbs_v1_0_2_reg_p2s__parameterized9
INFO: [VRFC 10-311] analyzing module u_ila_0_CVxsdbs_v1_0_2_reg_stat
INFO: [VRFC 10-311] analyzing module u_ila_0_CVxsdbs_v1_0_2_reg_stat_230
INFO: [VRFC 10-311] analyzing module u_ila_0_CVxsdbs_v1_0_2_reg_stat_231
INFO: [VRFC 10-311] analyzing module u_ila_0_CVxsdbs_v1_0_2_reg_stat_232
INFO: [VRFC 10-311] analyzing module u_ila_0_CVxsdbs_v1_0_2_reg_stat_233
INFO: [VRFC 10-311] analyzing module u_ila_0_CVxsdbs_v1_0_2_reg_stat_234
INFO: [VRFC 10-311] analyzing module u_ila_0_CVxsdbs_v1_0_2_reg_stat_239
INFO: [VRFC 10-311] analyzing module u_ila_0_CVxsdbs_v1_0_2_reg_stat_246
INFO: [VRFC 10-311] analyzing module u_ila_0_CVxsdbs_v1_0_2_reg_stat_248
INFO: [VRFC 10-311] analyzing module u_ila_0_CVxsdbs_v1_0_2_reg_stream
INFO: [VRFC 10-311] analyzing module u_ila_0_CVxsdbs_v1_0_2_reg_stream__parameterized0
INFO: [VRFC 10-311] analyzing module u_ila_0_CVxsdbs_v1_0_2_reg_stream__parameterized1
INFO: [VRFC 10-311] analyzing module u_ila_0_CVxsdbs_v1_0_2_reg_stream__parameterized2
INFO: [VRFC 10-311] analyzing module u_ila_0_CVxsdbs_v1_0_2_xsdbs
INFO: [VRFC 10-311] analyzing module glbl
INFO: [VRFC 10-2263] Analyzing Verilog file "D:/VivadoProjects/eMMC_Controller/srcs/sim/Test_eMMC_Controller_tb.v" into library xil_defaultlib
INFO: [VRFC 10-311] analyzing module Test_eMMC_Controller_tb
