INFO: [VRFC 10-2263] Analyzing Verilog file "D:/VivadoProjects/eMMC_Controller_4.5.xpr/eMMC_Controller/eMMC_Controller.sim/sim_1/synth/func/Test_eMMC_Controller_tb_func_synth.v" into library xil_defaultlib
INFO: [VRFC 10-311] analyzing module CRC16
INFO: [VRFC 10-311] analyzing module CRC16_Check
INFO: [VRFC 10-311] analyzing module CRC16_Check__1
INFO: [VRFC 10-311] analyzing module CRC16_Check__10
INFO: [VRFC 10-311] analyzing module CRC16_Check__11
INFO: [VRFC 10-311] analyzing module CRC16_Check__12
INFO: [VRFC 10-311] analyzing module CRC16_Check__13
INFO: [VRFC 10-311] analyzing module CRC16_Check__14
INFO: [VRFC 10-311] analyzing module CRC16_Check__15
INFO: [VRFC 10-311] analyzing module CRC16_Check__2
INFO: [VRFC 10-311] analyzing module CRC16_Check__3
INFO: [VRFC 10-311] analyzing module CRC16_Check__4
INFO: [VRFC 10-311] analyzing module CRC16_Check__5
INFO: [VRFC 10-311] analyzing module CRC16_Check__6
INFO: [VRFC 10-311] analyzing module CRC16_Check__7
INFO: [VRFC 10-311] analyzing module CRC16_Check__8
INFO: [VRFC 10-311] analyzing module CRC16_Check__9
INFO: [VRFC 10-311] analyzing module CRC16__1
INFO: [VRFC 10-311] analyzing module CRC16__10
INFO: [VRFC 10-311] analyzing module CRC16__11
INFO: [VRFC 10-311] analyzing module CRC16__12
INFO: [VRFC 10-311] analyzing module CRC16__13
INFO: [VRFC 10-311] analyzing module CRC16__14
INFO: [VRFC 10-311] analyzing module CRC16__15
INFO: [VRFC 10-311] analyzing module CRC16__2
INFO: [VRFC 10-311] analyzing module CRC16__3
INFO: [VRFC 10-311] analyzing module CRC16__4
INFO: [VRFC 10-311] analyzing module CRC16__5
INFO: [VRFC 10-311] analyzing module CRC16__6
INFO: [VRFC 10-311] analyzing module CRC16__7
INFO: [VRFC 10-311] analyzing module CRC16__8
INFO: [VRFC 10-311] analyzing module CRC16__9
INFO: [VRFC 10-311] analyzing module CRC7
INFO: [VRFC 10-311] analyzing module CRC7_400K
INFO: [VRFC 10-311] analyzing module Command_fifo
INFO: [VRFC 10-311] analyzing module Command_fifo_blk_mem_gen_generic_cstr
INFO: [VRFC 10-311] analyzing module Command_fifo_blk_mem_gen_prim_width
INFO: [VRFC 10-311] analyzing module Command_fifo_blk_mem_gen_prim_wrapper
INFO: [VRFC 10-311] analyzing module Command_fifo_blk_mem_gen_top
INFO: [VRFC 10-311] analyzing module Command_fifo_blk_mem_gen_v8_3_1
INFO: [VRFC 10-311] analyzing module Command_fifo_blk_mem_gen_v8_3_1_synth
INFO: [VRFC 10-311] analyzing module Command_fifo_fifo_generator_ramfifo
INFO: [VRFC 10-311] analyzing module Command_fifo_fifo_generator_top
INFO: [VRFC 10-311] analyzing module Command_fifo_fifo_generator_v13_0_1
INFO: [VRFC 10-311] analyzing module Command_fifo_fifo_generator_v13_0_1_synth
INFO: [VRFC 10-311] analyzing module Command_fifo_memory
INFO: [VRFC 10-311] analyzing module Command_fifo_rd_bin_cntr
INFO: [VRFC 10-311] analyzing module Command_fifo_rd_fwft
INFO: [VRFC 10-311] analyzing module Command_fifo_rd_logic
INFO: [VRFC 10-311] analyzing module Command_fifo_rd_status_flags_ss
INFO: [VRFC 10-311] analyzing module Command_fifo_reset_blk_ramfifo
INFO: [VRFC 10-311] analyzing module Command_fifo_wr_bin_cntr
INFO: [VRFC 10-311] analyzing module Command_fifo_wr_logic
INFO: [VRFC 10-311] analyzing module Command_fifo_wr_status_flags_ss
INFO: [VRFC 10-311] analyzing module Data_fifo
INFO: [VRFC 10-311] analyzing module Data_fifo_blk_mem_gen_generic_cstr
INFO: [VRFC 10-311] analyzing module Data_fifo_blk_mem_gen_prim_width
INFO: [VRFC 10-311] analyzing module Data_fifo_blk_mem_gen_prim_wrapper
INFO: [VRFC 10-311] analyzing module Data_fifo_blk_mem_gen_top
INFO: [VRFC 10-311] analyzing module Data_fifo_blk_mem_gen_v8_3_1
INFO: [VRFC 10-311] analyzing module Data_fifo_blk_mem_gen_v8_3_1_synth
INFO: [VRFC 10-311] analyzing module Data_fifo_compare
INFO: [VRFC 10-311] analyzing module Data_fifo_compare_0
INFO: [VRFC 10-311] analyzing module Data_fifo_compare_1
INFO: [VRFC 10-311] analyzing module Data_fifo_compare_2
INFO: [VRFC 10-311] analyzing module Data_fifo_fifo_generator_ramfifo
INFO: [VRFC 10-311] analyzing module Data_fifo_fifo_generator_top
INFO: [VRFC 10-311] analyzing module Data_fifo_fifo_generator_v13_0_1
INFO: [VRFC 10-311] analyzing module Data_fifo_fifo_generator_v13_0_1_synth
INFO: [VRFC 10-311] analyzing module Data_fifo_memory
INFO: [VRFC 10-311] analyzing module Data_fifo_rd_bin_cntr
INFO: [VRFC 10-311] analyzing module Data_fifo_rd_fwft
INFO: [VRFC 10-311] analyzing module Data_fifo_rd_logic
INFO: [VRFC 10-311] analyzing module Data_fifo_rd_status_flags_ss
INFO: [VRFC 10-311] analyzing module Data_fifo_reset_blk_ramfifo
INFO: [VRFC 10-311] analyzing module Data_fifo_wr_bin_cntr
INFO: [VRFC 10-311] analyzing module Data_fifo_wr_logic
INFO: [VRFC 10-311] analyzing module Data_fifo_wr_status_flags_ss
INFO: [VRFC 10-311] analyzing module Read_data512B_buffer
INFO: [VRFC 10-311] analyzing module Read_data512B_buffer_blk_mem_gen_generic_cstr
INFO: [VRFC 10-311] analyzing module Read_data512B_buffer_blk_mem_gen_prim_width
INFO: [VRFC 10-311] analyzing module Read_data512B_buffer_blk_mem_gen_prim_wrapper
INFO: [VRFC 10-311] analyzing module Read_data512B_buffer_blk_mem_gen_top
INFO: [VRFC 10-311] analyzing module Read_data512B_buffer_blk_mem_gen_v8_3_1
INFO: [VRFC 10-311] analyzing module Read_data512B_buffer_blk_mem_gen_v8_3_1_synth
INFO: [VRFC 10-311] analyzing module Read_data512B_buffer_fifo_generator_ramfifo
INFO: [VRFC 10-311] analyzing module Read_data512B_buffer_fifo_generator_top
INFO: [VRFC 10-311] analyzing module Read_data512B_buffer_fifo_generator_v13_0_1
INFO: [VRFC 10-311] analyzing module Read_data512B_buffer_fifo_generator_v13_0_1_synth
INFO: [VRFC 10-311] analyzing module Read_data512B_buffer_memory
INFO: [VRFC 10-311] analyzing module Read_data512B_buffer_rd_bin_cntr
INFO: [VRFC 10-311] analyzing module Read_data512B_buffer_rd_logic
INFO: [VRFC 10-311] analyzing module Read_data512B_buffer_rd_status_flags_ss
INFO: [VRFC 10-311] analyzing module Read_data512B_buffer_reset_blk_ramfifo
INFO: [VRFC 10-311] analyzing module Read_data512B_buffer_wr_bin_cntr
INFO: [VRFC 10-311] analyzing module Read_data512B_buffer_wr_logic
INFO: [VRFC 10-311] analyzing module Read_data512B_buffer_wr_status_flags_ss
INFO: [VRFC 10-311] analyzing module Test_eMMC_Controller
INFO: [VRFC 10-311] analyzing module blk_mem_gen_0
INFO: [VRFC 10-311] analyzing module blk_mem_gen_0_blk_mem_gen_generic_cstr
INFO: [VRFC 10-311] analyzing module blk_mem_gen_0_blk_mem_gen_prim_width
INFO: [VRFC 10-311] analyzing module blk_mem_gen_0_blk_mem_gen_prim_wrapper
INFO: [VRFC 10-311] analyzing module blk_mem_gen_0_blk_mem_gen_top
INFO: [VRFC 10-311] analyzing module blk_mem_gen_0_blk_mem_gen_v8_3_1
INFO: [VRFC 10-311] analyzing module blk_mem_gen_0_blk_mem_gen_v8_3_1_synth
INFO: [VRFC 10-311] analyzing module clk_divided
INFO: [VRFC 10-311] analyzing module clk_divided_clk_divided_clk_wiz
INFO: [VRFC 10-311] analyzing module dbg_hub_CV
INFO: [VRFC 10-311] analyzing module eMMC_controller
INFO: [VRFC 10-311] analyzing module u_ila_0_CV
INFO: [VRFC 10-311] analyzing module glbl
INFO: [VRFC 10-2263] Analyzing Verilog file "D:/VivadoProjects/eMMC_Controller_4.5.xpr/eMMC_Controller/eMMC_Controller.srcs/sim_1/imports/eMMC_Controller/srcs/sim/Test_eMMC_Controller_tb.v" into library xil_defaultlib
INFO: [VRFC 10-311] analyzing module Test_eMMC_Controller_tb
