Vivado Simulator 2015.4
Copyright 1986-1999, 2001-2015 Xilinx, Inc. All Rights Reserved.
Running: G:/Xilinx/Vivado/2015.4/bin/unwrapped/win64.o/xelab.exe -wto a9941a61d2bf4a0d8c441533299f142b --debug typical --relax --mt 2 -L xil_defaultlib -L unisims_ver -L secureip --snapshot Test_eMMC_Controller_tb_func_synth xil_defaultlib.Test_eMMC_Controller_tb xil_defaultlib.glbl -log elaborate.log 
Using 2 slave threads.
Starting static elaboration
Completed static elaboration
Starting simulation data flow analysis
Completed simulation data flow analysis
Time Resolution for simulation is 1ps
Compiling module unisims_ver.x_lut1_mux2
Compiling module unisims_ver.LUT1
Compiling module unisims_ver.sffsrce_fdre
Compiling module unisims_ver.FDRE
Compiling module unisims_ver.CARRY4
Compiling module unisims_ver.sffsrce_fdse
Compiling module unisims_ver.FDSE
Compiling module xil_defaultlib.dbg_hub_CV
Compiling module unisims_ver.OBUF
Compiling module unisims_ver.IBUF
Compiling module unisims_ver.BUFGCTRL(IS_S0_INVERTED=1'b1,PRE...
Compiling module unisims_ver.x_lut2_mux4
Compiling module unisims_ver.LUT2
Compiling module unisims_ver.x_lut3_mux4
Compiling module unisims_ver.x_lut3_mux4_reduced_0
Compiling module unisims_ver.LUT3
Compiling module xil_defaultlib.CRC7
Compiling module unisims_ver.LUT5
Compiling module unisims_ver.LUT4
Compiling module unisims_ver.LUT6
Compiling module unisims_ver.GND
Compiling module unisims_ver.VCC
Compiling module unisims_ver.FDRE(INIT=1'b1)
Compiling module xil_defaultlib.Command_fifo_rd_fwft
Compiling module xil_defaultlib.Command_fifo_rd_status_flags_ss
Compiling module xil_defaultlib.Command_fifo_rd_bin_cntr
Compiling module xil_defaultlib.Command_fifo_rd_logic
Compiling module xil_defaultlib.Command_fifo_wr_status_flags_ss
Compiling module xil_defaultlib.Command_fifo_wr_bin_cntr
Compiling module xil_defaultlib.Command_fifo_wr_logic
Compiling module unisims_ver.RB36_INTERNAL_VLOG(DOA_REG=0,DOB...
Compiling module unisims_ver.RAMB36E1(RAM_MODE="SDP",READ_WID...
Compiling module xil_defaultlib.Command_fifo_blk_mem_gen_prim_wr...
Compiling module xil_defaultlib.Command_fifo_blk_mem_gen_prim_wi...
Compiling module xil_defaultlib.Command_fifo_blk_mem_gen_generic...
Compiling module xil_defaultlib.Command_fifo_blk_mem_gen_top
Compiling module xil_defaultlib.Command_fifo_blk_mem_gen_v8_3_1_...
Compiling module xil_defaultlib.Command_fifo_blk_mem_gen_v8_3_1
Compiling module xil_defaultlib.Command_fifo_memory
Compiling module xil_defaultlib.Command_fifo_fifo_generator_ramf...
Compiling module xil_defaultlib.Command_fifo_fifo_generator_top
Compiling module unisims_ver.ffsrce_fdpe
Compiling module unisims_ver.FDPE
Compiling module unisims_ver.FDPE(INIT=1'b0)
Compiling module xil_defaultlib.Command_fifo_reset_blk_ramfifo
Compiling module xil_defaultlib.Command_fifo_fifo_generator_v13_...
Compiling module xil_defaultlib.Command_fifo_fifo_generator_v13_...
Compiling module xil_defaultlib.Command_fifo
Compiling module unisims_ver.IDDR(DDR_CLK_EDGE="SAME_EDGE",IN...
Compiling module unisims_ver.IOBUF
Compiling module unisims_ver.MUXF7
Compiling module unisims_ver.MUXF8
Compiling module unisims_ver.ODDR(DDR_CLK_EDGE="SAME_EDGE")
Compiling module xil_defaultlib.Read_data512B_buffer_rd_status_f...
Compiling module xil_defaultlib.Read_data512B_buffer_rd_bin_cntr
Compiling module xil_defaultlib.Read_data512B_buffer_rd_logic
Compiling module xil_defaultlib.Read_data512B_buffer_wr_status_f...
Compiling module xil_defaultlib.Read_data512B_buffer_wr_bin_cntr
Compiling module xil_defaultlib.Read_data512B_buffer_wr_logic
Compiling module unisims_ver.RB18_INTERNAL_VLOG(DOA_REG=0,DOB...
Compiling module unisims_ver.RAMB18E1(RAM_MODE="SDP",READ_WID...
Compiling module xil_defaultlib.Read_data512B_buffer_blk_mem_gen...
Compiling module xil_defaultlib.Read_data512B_buffer_blk_mem_gen...
Compiling module xil_defaultlib.Read_data512B_buffer_blk_mem_gen...
Compiling module xil_defaultlib.Read_data512B_buffer_blk_mem_gen...
Compiling module xil_defaultlib.Read_data512B_buffer_blk_mem_gen...
Compiling module xil_defaultlib.Read_data512B_buffer_blk_mem_gen...
Compiling module xil_defaultlib.Read_data512B_buffer_memory
Compiling module xil_defaultlib.Read_data512B_buffer_fifo_genera...
Compiling module xil_defaultlib.Read_data512B_buffer_fifo_genera...
Compiling module xil_defaultlib.Read_data512B_buffer_reset_blk_r...
Compiling module xil_defaultlib.Read_data512B_buffer_fifo_genera...
Compiling module xil_defaultlib.Read_data512B_buffer_fifo_genera...
Compiling module xil_defaultlib.Read_data512B_buffer
Compiling module unisims_ver.SRLC32E
Compiling module unisims_ver.SRL16E
Compiling module xil_defaultlib.Data_fifo_rd_fwft
Compiling module xil_defaultlib.Data_fifo_compare_1
Compiling module xil_defaultlib.Data_fifo_compare_2
Compiling module xil_defaultlib.Data_fifo_rd_status_flags_ss
Compiling module xil_defaultlib.Data_fifo_rd_bin_cntr
Compiling module xil_defaultlib.Data_fifo_rd_logic
Compiling module xil_defaultlib.Data_fifo_compare
Compiling module xil_defaultlib.Data_fifo_compare_0
Compiling module xil_defaultlib.Data_fifo_wr_status_flags_ss
Compiling module xil_defaultlib.Data_fifo_wr_bin_cntr
Compiling module xil_defaultlib.Data_fifo_wr_logic
Compiling module unisims_ver.RB36_INTERNAL_VLOG(DOA_REG=0,DOB...
Compiling module unisims_ver.RAMB36E1(READ_WIDTH_A=18,READ_WI...
Compiling module xil_defaultlib.Data_fifo_blk_mem_gen_prim_wrapp...
Compiling module xil_defaultlib.Data_fifo_blk_mem_gen_prim_width
Compiling module xil_defaultlib.Data_fifo_blk_mem_gen_generic_cs...
Compiling module xil_defaultlib.Data_fifo_blk_mem_gen_top
Compiling module xil_defaultlib.Data_fifo_blk_mem_gen_v8_3_1_syn...
Compiling module xil_defaultlib.Data_fifo_blk_mem_gen_v8_3_1
Compiling module xil_defaultlib.Data_fifo_memory
Compiling module xil_defaultlib.Data_fifo_fifo_generator_ramfifo
Compiling module xil_defaultlib.Data_fifo_fifo_generator_top
Compiling module xil_defaultlib.Data_fifo_reset_blk_ramfifo
Compiling module xil_defaultlib.Data_fifo_fifo_generator_v13_0_1...
Compiling module xil_defaultlib.Data_fifo_fifo_generator_v13_0_1
Compiling module xil_defaultlib.Data_fifo
Compiling module xil_defaultlib.CRC16_Check__1
Compiling module xil_defaultlib.CRC16_Check__2
Compiling module xil_defaultlib.CRC16_Check__11
Compiling module xil_defaultlib.CRC16_Check__12
Compiling module xil_defaultlib.CRC16_Check__13
Compiling module xil_defaultlib.CRC16_Check__14
Compiling module xil_defaultlib.CRC16_Check__15
Compiling module xil_defaultlib.CRC16_Check
Compiling module xil_defaultlib.CRC16_Check__3
Compiling module xil_defaultlib.CRC16_Check__4
Compiling module xil_defaultlib.CRC16_Check__5
Compiling module xil_defaultlib.CRC16_Check__6
Compiling module xil_defaultlib.CRC16_Check__7
Compiling module xil_defaultlib.CRC16_Check__8
Compiling module xil_defaultlib.CRC16_Check__9
Compiling module xil_defaultlib.CRC16_Check__10
Compiling module xil_defaultlib.CRC16__1
Compiling module xil_defaultlib.CRC16__2
Compiling module xil_defaultlib.CRC16__11
Compiling module xil_defaultlib.CRC16__12
Compiling module xil_defaultlib.CRC16__13
Compiling module xil_defaultlib.CRC16__14
Compiling module xil_defaultlib.CRC16__15
Compiling module xil_defaultlib.CRC16
Compiling module xil_defaultlib.CRC16__3
Compiling module xil_defaultlib.CRC16__4
Compiling module xil_defaultlib.CRC16__5
Compiling module xil_defaultlib.CRC16__6
Compiling module xil_defaultlib.CRC16__7
Compiling module xil_defaultlib.CRC16__8
Compiling module xil_defaultlib.CRC16__9
Compiling module xil_defaultlib.CRC16__10
Compiling module xil_defaultlib.CRC7_400K
Compiling module unisims_ver.RB18_INTERNAL_VLOG(DOA_REG=0,DOB...
Compiling module unisims_ver.RAMB18E1(READ_WIDTH_A=18,READ_WI...
Compiling module xil_defaultlib.blk_mem_gen_0_blk_mem_gen_prim_w...
Compiling module xil_defaultlib.blk_mem_gen_0_blk_mem_gen_prim_w...
Compiling module xil_defaultlib.blk_mem_gen_0_blk_mem_gen_generi...
Compiling module xil_defaultlib.blk_mem_gen_0_blk_mem_gen_top
Compiling module xil_defaultlib.blk_mem_gen_0_blk_mem_gen_v8_3_1...
Compiling module xil_defaultlib.blk_mem_gen_0_blk_mem_gen_v8_3_1
Compiling module xil_defaultlib.blk_mem_gen_0
Compiling module xil_defaultlib.eMMC_controller
Compiling module unisims_ver.BUFG
Compiling module unisims_ver.MMCME2_ADV(CLKFBOUT_MULT_F=10.0,...
Compiling module xil_defaultlib.clk_divided_clk_divided_clk_wiz
Compiling module xil_defaultlib.clk_divided
Compiling module xil_defaultlib.u_ila_0_CV
Compiling module xil_defaultlib.Test_eMMC_Controller
Compiling module xil_defaultlib.Test_eMMC_Controller_tb
Compiling module xil_defaultlib.glbl
Waiting for 3 sub-compilation(s) to finish...
Built simulation snapshot Test_eMMC_Controller_tb_func_synth
