INFO: [VRFC 10-163] Analyzing VHDL file "D:/VivadoProjects/eMMC_Controller_4.6.1_tuning.xpr/eMMC_Controller/eMMC_Controller.ip_user_files/ipstatic/fifo_generator_v13_0_1/simulation/fifo_generator_vhdl_beh.vhd" into library fifo_generator_v13_0_1
INFO: [VRFC 10-307] analyzing entity fifo_generator_v13_0_1_bhv_as
INFO: [VRFC 10-307] analyzing entity fifo_generator_v13_0_1_bhv_ss
INFO: [VRFC 10-307] analyzing entity fifo_generator_v13_0_1_bhv_preload0
INFO: [VRFC 10-307] analyzing entity fifo_generator_v13_0_1_conv
INFO: [VRFC 10-307] analyzing entity fifo_generator_v13_0_1_axic_reg_slice
INFO: [VRFC 10-307] analyzing entity fifo_generator_vhdl_beh
INFO: [VRFC 10-163] Analyzing VHDL file "D:/VivadoProjects/eMMC_Controller_4.6.1_tuning.xpr/eMMC_Controller/eMMC_Controller.ip_user_files/ipstatic/fifo_generator_v13_0_1/hdl/fifo_generator_v13_0_rfs.vhd" into library fifo_generator_v13_0_1
INFO: [VRFC 10-307] analyzing entity input_blk
INFO: [VRFC 10-307] analyzing entity output_blk
INFO: [VRFC 10-307] analyzing entity shft_wrapper
INFO: [VRFC 10-307] analyzing entity shft_ram
INFO: [VRFC 10-307] analyzing entity wr_pf_as
INFO: [VRFC 10-307] analyzing entity wr_pf_ss
INFO: [VRFC 10-307] analyzing entity rd_pe_as
INFO: [VRFC 10-307] analyzing entity rd_pe_ss
INFO: [VRFC 10-307] analyzing entity synchronizer_ff
INFO: [VRFC 10-307] analyzing entity delay
INFO: [VRFC 10-307] analyzing entity bin_cntr
INFO: [VRFC 10-307] analyzing entity clk_x_pntrs_builtin
INFO: [VRFC 10-307] analyzing entity logic_builtin
INFO: [VRFC 10-307] analyzing entity builtin_prim
INFO: [VRFC 10-307] analyzing entity builtin_extdepth
INFO: [VRFC 10-307] analyzing entity builtin_top
INFO: [VRFC 10-307] analyzing entity reset_builtin
INFO: [VRFC 10-307] analyzing entity builtin_prim_v6
INFO: [VRFC 10-307] analyzing entity builtin_extdepth_v6
INFO: [VRFC 10-307] analyzing entity builtin_extdepth_low_latency
INFO: [VRFC 10-307] analyzing entity builtin_top_v6
INFO: [VRFC 10-307] analyzing entity fifo_generator_v13_0_1_builtin
INFO: [VRFC 10-307] analyzing entity bram_sync_reg
INFO: [VRFC 10-307] analyzing entity bram_fifo_rstlogic
INFO: [VRFC 10-307] analyzing entity reset_blk_ramfifo
INFO: [VRFC 10-307] analyzing entity axi_reg_slice
INFO: [VRFC 10-307] analyzing entity fifo_generator_top
INFO: [VRFC 10-307] analyzing entity fifo_generator_v13_0_1_synth
INFO: [VRFC 10-307] analyzing entity fifo_generator_v13_0_1
INFO: [VRFC 10-163] Analyzing VHDL file "D:/VivadoProjects/eMMC_Controller_4.6.1_tuning.xpr/eMMC_Controller/eMMC_Controller.srcs/sources_1/ip/Read_data512B_buffer/sim/Read_data512B_buffer.vhd" into library xil_defaultlib
INFO: [VRFC 10-307] analyzing entity Read_data512B_buffer
INFO: [VRFC 10-163] Analyzing VHDL file "D:/VivadoProjects/eMMC_Controller_4.6.1_tuning.xpr/eMMC_Controller/eMMC_Controller.srcs/sources_1/ip/Data_fifo/sim/Data_fifo.vhd" into library xil_defaultlib
INFO: [VRFC 10-307] analyzing entity Data_fifo
INFO: [VRFC 10-163] Analyzing VHDL file "D:/VivadoProjects/eMMC_Controller_4.6.1_tuning.xpr/eMMC_Controller/eMMC_Controller.srcs/sources_1/ip/Command_fifo/sim/Command_fifo.vhd" into library xil_defaultlib
INFO: [VRFC 10-307] analyzing entity Command_fifo
INFO: [VRFC 10-163] Analyzing VHDL file "D:/VivadoProjects/eMMC_Controller_4.6.1_tuning.xpr/eMMC_Controller/eMMC_Controller.ip_user_files/ipstatic/blk_mem_gen_v8_3_1/simulation/blk_mem_gen_v8_3.vhd" into library blk_mem_gen_v8_3_1
INFO: [VRFC 10-307] analyzing entity blk_mem_axi_regs_fwd_v8_3
INFO: [VRFC 10-307] analyzing entity blk_mem_axi_write_wrapper_beh
INFO: [VRFC 10-307] analyzing entity write_netlist
INFO: [VRFC 10-307] analyzing entity blk_mem_axi_read_wrapper_beh
INFO: [VRFC 10-307] analyzing entity read_netlist
INFO: [VRFC 10-307] analyzing entity blk_mem_gen_v8_3_1_output_stage
INFO: [VRFC 10-307] analyzing entity blk_mem_gen_v8_3_1_softecc_output_reg_stage
INFO: [VRFC 10-307] analyzing entity blk_mem_gen_v8_3_1_mem_module
INFO: [VRFC 10-307] analyzing entity blk_mem_gen_v8_3_1
INFO: [VRFC 10-307] analyzing entity beh_ff_clr
INFO: [VRFC 10-307] analyzing entity beh_ff_ce
INFO: [VRFC 10-307] analyzing entity beh_ff_pre
INFO: [VRFC 10-307] analyzing entity beh_muxf7
INFO: [VRFC 10-307] analyzing entity STATE_LOGIC
INFO: [VRFC 10-163] Analyzing VHDL file "D:/VivadoProjects/eMMC_Controller_4.6.1_tuning.xpr/eMMC_Controller/eMMC_Controller.srcs/sources_1/ip/blk_mem_gen_0/sim/blk_mem_gen_0.vhd" into library xil_defaultlib
INFO: [VRFC 10-307] analyzing entity blk_mem_gen_0
